// Jest Snapshot v1, https://goo.gl/fbAQLP

exports[`ToolButton test with icon default snapshot 1`] = `"<button class=\\"MuiButtonBase-root MuiIconButton-root\\" tabindex=\\"0\\" type=\\"button\\" aria-owns=\\"test\\"><span class=\\"MuiIconButton-label\\"><div>Icon</div></span><span class=\\"MuiTouchRipple-root\\"></span></button>"`;

exports[`ToolButton test with icon with tooltip snapshot 1`] = `"<button class=\\"MuiButtonBase-root MuiIconButton-root\\" tabindex=\\"0\\" type=\\"button\\" aria-owns=\\"test\\" aria-haspopup=\\"true\\" title=\\"title\\"><span class=\\"MuiIconButton-label\\"><div>Icon</div></span><span class=\\"MuiTouchRipple-root\\"></span></button>"`;
