// Jest Snapshot v1, https://goo.gl/fbAQLP

exports[`SectionButton test default snapshot 1`] = `"<button class=\\"MuiButtonBase-root MuiIconButton-root\\" tabindex=\\"0\\" type=\\"button\\" aria-haspopup=\\"true\\" title=\\"test\\"><span class=\\"MuiIconButton-label\\"><div>Icon</div></span><span class=\\"MuiTouchRipple-root\\"></span></button>"`;
