// Jest Snapshot v1, https://goo.gl/fbAQLP

exports[`top-menu test AppBar snapshot 1`] = `"<header class=\\"MuiPaper-root MuiAppBar-root WithStyles(ForwardRef(AppBar))-root-6 MuiAppBar-positionFixed MuiAppBar-colorPrimary mui-fixed MuiPaper-elevation4\\"><button><span class=\\"MuiButton-label WithStyles(ForwardRef(Button))-label-5\\">test1</span></button><button><span class=\\"MuiButton-label WithStyles(ForwardRef(Button))-label-5\\">test2</span></button><button><span class=\\"MuiButton-label WithStyles(ForwardRef(Button))-label-5\\">test3</span></button></header>"`;

exports[`top-menu test Button snapshot 1`] = `"<button><span class=\\"MuiButton-label WithStyles(ForwardRef(Button))-label-5\\">test</span></button>"`;

exports[`top-menu test MenuBackground snapshot 1`] = `"<div class=\\"MuiPaper-root WithStyles(ForwardRef(Paper))-root-8 MuiPaper-elevation1 MuiPaper-rounded\\"><button><span class=\\"MuiButton-label WithStyles(ForwardRef(Button))-label-5\\">test1</span></button><button><span class=\\"MuiButton-label WithStyles(ForwardRef(Button))-label-5\\">test2</span></button><button><span class=\\"MuiButton-label WithStyles(ForwardRef(Button))-label-5\\">test3</span></button></div>"`;

exports[`top-menu test MenuItem test snapshot default 1`] = `"<button><div class=\\"Component-root-2\\"><span>&nbsp;&nbsp;&nbsp;&nbsp;&nbsp;&nbsp;</span>test</div><div class=\\"Component-root-3\\">Ctr+Shift</div></button>"`;

exports[`top-menu test MenuItem test snapshot selected 1`] = `"<button><div class=\\"Component-root-2\\"><svg class=\\"MuiSvgIcon-root pure(CheckIcon)-root-10\\" focusable=\\"false\\" viewBox=\\"0 0 24 24\\" aria-hidden=\\"true\\"><path fill=\\"none\\" d=\\"M0 0h24v24H0z\\"></path><path d=\\"M9 16.17L4.83 12l-1.42 1.41L9 19 21 7l-1.41-1.41z\\"></path></svg>test</div><div class=\\"Component-root-3\\">Ctr+Shift</div></button>"`;

exports[`top-menu test MenuList snapshot 1`] = `"<ul class=\\"MuiList-root ForwardRef(MenuList)-root-9 MuiList-padding\\" role=\\"menu\\" tabindex=\\"-1\\"><button><span class=\\"MuiButton-label WithStyles(ForwardRef(Button))-label-5\\">test1</span></button><button><span class=\\"MuiButton-label WithStyles(ForwardRef(Button))-label-5\\">test2</span></button><button><span class=\\"MuiButton-label WithStyles(ForwardRef(Button))-label-5\\">test3</span></button></ul>"`;

exports[`top-menu test MenuSection test snapshot closed 1`] = `"<div><button><span class=\\"MuiButton-label WithStyles(ForwardRef(Button))-label-5\\">File</span></button><div></div></div>"`;

exports[`top-menu test MenuSection test snapshot open 1`] = `"<div><button><span class=\\"MuiButton-label WithStyles(ForwardRef(Button))-label-5\\">File</span></button><div></div></div>"`;

exports[`top-menu test ToolBar snapshot 1`] = `"<div class=\\"MuiToolbar-root WithStyles(ForwardRef(Toolbar))-root-7 MuiToolbar-regular MuiToolbar-gutters\\"><button><span class=\\"MuiButton-label WithStyles(ForwardRef(Button))-label-5\\">test1</span></button><button><span class=\\"MuiButton-label WithStyles(ForwardRef(Button))-label-5\\">test2</span></button><button><span class=\\"MuiButton-label WithStyles(ForwardRef(Button))-label-5\\">test3</span></button></div>"`;

exports[`top-menu test top-menu snapshot 1`] = `"<header class=\\"MuiPaper-root MuiAppBar-root WithStyles(ForwardRef(AppBar))-root-6 MuiAppBar-positionStatic MuiAppBar-colorPrimary MuiPaper-elevation4\\"><div class=\\"MuiToolbar-root WithStyles(ForwardRef(Toolbar))-root-7 MuiToolbar-regular MuiToolbar-gutters\\"><div><button><span class=\\"MuiButton-label WithStyles(ForwardRef(Button))-label-5\\">File</span></button><div></div></div><div><button><span class=\\"MuiButton-label WithStyles(ForwardRef(Button))-label-5\\">Edit</span></button><div></div></div><div><button><span class=\\"MuiButton-label WithStyles(ForwardRef(Button))-label-5\\">View</span></button><div></div></div><div><button><span class=\\"MuiButton-label WithStyles(ForwardRef(Button))-label-5\\">Help</span></button><div></div></div></div></header>"`;
