// Jest Snapshot v1, https://goo.gl/fbAQLP

exports[`Library test default snapshot 1`] = `"<div class=\\"titled-panel-root\\"><div class=\\"titled-panel-container\\"><span class=\\"MuiTypography-root titled-panel-text MuiTypography-button\\">Library</span><button class=\\"MuiButtonBase-root MuiIconButton-root\\" tabindex=\\"0\\" type=\\"button\\" aria-haspopup=\\"true\\" title=\\"Add to library\\"><span class=\\"MuiIconButton-label\\"><svg class=\\"MuiSvgIcon-root\\" focusable=\\"false\\" viewBox=\\"0 0 24 24\\" aria-hidden=\\"true\\" role=\\"presentation\\"><path d=\\"M19 13h-6v6h-2v-6H5v-2h6V5h2v6h6v2z\\"></path><path fill=\\"none\\" d=\\"M0 0h24v24H0z\\"></path></svg></span><span class=\\"MuiTouchRipple-root\\"></span></button><button class=\\"MuiButtonBase-root MuiIconButton-root\\" tabindex=\\"0\\" type=\\"button\\" aria-haspopup=\\"true\\" title=\\"Export project\\"><span class=\\"MuiIconButton-label\\"><svg class=\\"MuiSvgIcon-root\\" focusable=\\"false\\" viewBox=\\"0 0 24 24\\" aria-hidden=\\"true\\" role=\\"presentation\\"><path d=\\"M19 12v7H5v-7H3v7c0 1.1.9 2 2 2h14c1.1 0 2-.9 2-2v-7h-2zm-6 .67l2.59-2.58L17 11.5l-5 5-5-5 1.41-1.41L11 12.67V3h2z\\"></path><path fill=\\"none\\" d=\\"M0 0h24v24H0z\\"></path></svg></span><span class=\\"MuiTouchRipple-root\\"></span></button><button class=\\"MuiButtonBase-root MuiIconButton-root\\" tabindex=\\"0\\" type=\\"button\\" aria-haspopup=\\"true\\" title=\\"Publish project\\"><span class=\\"MuiIconButton-label\\"><svg class=\\"MuiSvgIcon-root\\" focusable=\\"false\\" viewBox=\\"0 0 24 24\\" aria-hidden=\\"true\\" role=\\"presentation\\"><path fill=\\"none\\" d=\\"M0 0h24v24H0z\\"></path><path d=\\"M5 4v2h14V4H5zm0 10h4v6h6v-6h4l-7-7-7 7z\\"></path></svg></span><span class=\\"MuiTouchRipple-root\\"></span></button></div><div class=\\"titled-panel-body\\" style=\\"padding: 0px;\\"><div class=\\"drop-area-root\\"><input multiple=\\"\\" type=\\"file\\" style=\\"display: none;\\" autocomplete=\\"off\\" tabindex=\\"-1\\"><div class=\\"drop-area-overflow\\"><div class=\\"MuiPaper-root MuiPaper-elevation1 MuiExpansionPanel-root MuiExpansionPanel-rounded MuiPaper-rounded\\"><div class=\\"MuiButtonBase-root MuiExpansionPanelSummary-root\\" tabindex=\\"0\\" role=\\"button\\" aria-disabled=\\"false\\" aria-expanded=\\"false\\"><div class=\\"MuiExpansionPanelSummary-content\\"><img src=\\"undefined/icon/element_root.svg\\" style=\\"width: 16px; height: 16px;\\" class=\\"icon-root\\" alt=\\"empty Icon\\" draggable=\\"false\\"><div class=\\"library-section-header-title\\">Elements</div><button class=\\"MuiButtonBase-root MuiIconButton-root\\" tabindex=\\"0\\" type=\\"button\\" aria-haspopup=\\"true\\" title=\\"Add new element\\"><span class=\\"MuiIconButton-label\\"><svg class=\\"MuiSvgIcon-root\\" focusable=\\"false\\" viewBox=\\"0 0 24 24\\" aria-hidden=\\"true\\" role=\\"presentation\\"><path d=\\"M19 13h-6v6h-2v-6H5v-2h6V5h2v6h6v2z\\"></path><path fill=\\"none\\" d=\\"M0 0h24v24H0z\\"></path></svg></span><span class=\\"MuiTouchRipple-root\\"></span></button><button class=\\"MuiButtonBase-root MuiIconButton-root\\" tabindex=\\"0\\" type=\\"button\\" aria-haspopup=\\"true\\" title=\\"Add new directory\\"><span class=\\"MuiIconButton-label\\"><svg class=\\"MuiSvgIcon-root\\" focusable=\\"false\\" viewBox=\\"0 0 24 24\\" aria-hidden=\\"true\\" role=\\"presentation\\"><path fill=\\"none\\" d=\\"M0 0h24v24H0V0z\\"></path><path d=\\"M20 6h-8l-2-2H4c-1.11 0-1.99.89-1.99 2L2 18c0 1.11.89 2 2 2h16c1.11 0 2-.89 2-2V8c0-1.11-.89-2-2-2zm-1 8h-3v3h-2v-3h-3v-2h3V9h2v3h3v2z\\"></path></svg></span><span class=\\"MuiTouchRipple-root\\"></span></button></div><div class=\\"MuiButtonBase-root MuiIconButton-root MuiExpansionPanelSummary-expandIcon MuiIconButton-edgeEnd\\" tabindex=\\"-1\\" role=\\"button\\" aria-disabled=\\"false\\" aria-hidden=\\"true\\"><span class=\\"MuiIconButton-label\\"><svg class=\\"MuiSvgIcon-root\\" focusable=\\"false\\" viewBox=\\"0 0 24 24\\" aria-hidden=\\"true\\" role=\\"presentation\\"><path d=\\"M16.59 8.59L12 13.17 7.41 8.59 6 10l6 6 6-6z\\"></path><path fill=\\"none\\" d=\\"M0 0h24v24H0z\\"></path></svg></span><span class=\\"MuiTouchRipple-root\\"></span></div></div><div class=\\"MuiCollapse-container MuiCollapse-hidden\\" style=\\"min-height: 0px;\\"><div class=\\"MuiCollapse-wrapper\\"><div class=\\"MuiCollapse-wrapperInner\\"><div role=\\"region\\"><div class=\\"MuiExpansionPanelDetails-root\\"><span class=\\"section-body-empty\\">Category empty. Add files via drag'n'drop or add icon</span></div></div></div></div></div></div><div class=\\"MuiPaper-root MuiPaper-elevation1 MuiExpansionPanel-root MuiExpansionPanel-rounded MuiPaper-rounded\\"><div class=\\"MuiButtonBase-root MuiExpansionPanelSummary-root\\" tabindex=\\"0\\" role=\\"button\\" aria-disabled=\\"false\\" aria-expanded=\\"false\\"><div class=\\"MuiExpansionPanelSummary-content\\"><img src=\\"undefined/icon/font_root.svg\\" style=\\"width: 16px; height: 16px;\\" class=\\"icon-root\\" alt=\\"empty Icon\\" draggable=\\"false\\"><div class=\\"library-section-header-title\\">Fonts</div><button class=\\"MuiButtonBase-root MuiIconButton-root\\" tabindex=\\"0\\" type=\\"button\\" aria-haspopup=\\"true\\" title=\\"Add new element\\"><span class=\\"MuiIconButton-label\\"><svg class=\\"MuiSvgIcon-root\\" focusable=\\"false\\" viewBox=\\"0 0 24 24\\" aria-hidden=\\"true\\" role=\\"presentation\\"><path d=\\"M19 13h-6v6h-2v-6H5v-2h6V5h2v6h6v2z\\"></path><path fill=\\"none\\" d=\\"M0 0h24v24H0z\\"></path></svg></span><span class=\\"MuiTouchRipple-root\\"></span></button><button class=\\"MuiButtonBase-root MuiIconButton-root\\" tabindex=\\"0\\" type=\\"button\\" aria-haspopup=\\"true\\" title=\\"Add new directory\\"><span class=\\"MuiIconButton-label\\"><svg class=\\"MuiSvgIcon-root\\" focusable=\\"false\\" viewBox=\\"0 0 24 24\\" aria-hidden=\\"true\\" role=\\"presentation\\"><path fill=\\"none\\" d=\\"M0 0h24v24H0V0z\\"></path><path d=\\"M20 6h-8l-2-2H4c-1.11 0-1.99.89-1.99 2L2 18c0 1.11.89 2 2 2h16c1.11 0 2-.89 2-2V8c0-1.11-.89-2-2-2zm-1 8h-3v3h-2v-3h-3v-2h3V9h2v3h3v2z\\"></path></svg></span><span class=\\"MuiTouchRipple-root\\"></span></button></div><div class=\\"MuiButtonBase-root MuiIconButton-root MuiExpansionPanelSummary-expandIcon MuiIconButton-edgeEnd\\" tabindex=\\"-1\\" role=\\"button\\" aria-disabled=\\"false\\" aria-hidden=\\"true\\"><span class=\\"MuiIconButton-label\\"><svg class=\\"MuiSvgIcon-root\\" focusable=\\"false\\" viewBox=\\"0 0 24 24\\" aria-hidden=\\"true\\" role=\\"presentation\\"><path d=\\"M16.59 8.59L12 13.17 7.41 8.59 6 10l6 6 6-6z\\"></path><path fill=\\"none\\" d=\\"M0 0h24v24H0z\\"></path></svg></span><span class=\\"MuiTouchRipple-root\\"></span></div></div><div class=\\"MuiCollapse-container MuiCollapse-hidden\\" style=\\"min-height: 0px;\\"><div class=\\"MuiCollapse-wrapper\\"><div class=\\"MuiCollapse-wrapperInner\\"><div role=\\"region\\"><div class=\\"MuiExpansionPanelDetails-root\\"><span class=\\"section-body-empty\\">Category empty. Add files via drag'n'drop or add icon</span></div></div></div></div></div></div><div class=\\"MuiPaper-root MuiPaper-elevation1 MuiExpansionPanel-root MuiExpansionPanel-rounded MuiPaper-rounded\\"><div class=\\"MuiButtonBase-root MuiExpansionPanelSummary-root\\" tabindex=\\"0\\" role=\\"button\\" aria-disabled=\\"false\\" aria-expanded=\\"false\\"><div class=\\"MuiExpansionPanelSummary-content\\"><img src=\\"undefined/icon/particle_root.svg\\" style=\\"width: 16px; height: 16px;\\" class=\\"icon-root\\" alt=\\"empty Icon\\" draggable=\\"false\\"><div class=\\"library-section-header-title\\">Particles</div><button class=\\"MuiButtonBase-root MuiIconButton-root\\" tabindex=\\"0\\" type=\\"button\\" aria-haspopup=\\"true\\" title=\\"Add new element\\"><span class=\\"MuiIconButton-label\\"><svg class=\\"MuiSvgIcon-root\\" focusable=\\"false\\" viewBox=\\"0 0 24 24\\" aria-hidden=\\"true\\" role=\\"presentation\\"><path d=\\"M19 13h-6v6h-2v-6H5v-2h6V5h2v6h6v2z\\"></path><path fill=\\"none\\" d=\\"M0 0h24v24H0z\\"></path></svg></span><span class=\\"MuiTouchRipple-root\\"></span></button><button class=\\"MuiButtonBase-root MuiIconButton-root\\" tabindex=\\"0\\" type=\\"button\\" aria-haspopup=\\"true\\" title=\\"Add new directory\\"><span class=\\"MuiIconButton-label\\"><svg class=\\"MuiSvgIcon-root\\" focusable=\\"false\\" viewBox=\\"0 0 24 24\\" aria-hidden=\\"true\\" role=\\"presentation\\"><path fill=\\"none\\" d=\\"M0 0h24v24H0V0z\\"></path><path d=\\"M20 6h-8l-2-2H4c-1.11 0-1.99.89-1.99 2L2 18c0 1.11.89 2 2 2h16c1.11 0 2-.89 2-2V8c0-1.11-.89-2-2-2zm-1 8h-3v3h-2v-3h-3v-2h3V9h2v3h3v2z\\"></path></svg></span><span class=\\"MuiTouchRipple-root\\"></span></button></div><div class=\\"MuiButtonBase-root MuiIconButton-root MuiExpansionPanelSummary-expandIcon MuiIconButton-edgeEnd\\" tabindex=\\"-1\\" role=\\"button\\" aria-disabled=\\"false\\" aria-hidden=\\"true\\"><span class=\\"MuiIconButton-label\\"><svg class=\\"MuiSvgIcon-root\\" focusable=\\"false\\" viewBox=\\"0 0 24 24\\" aria-hidden=\\"true\\" role=\\"presentation\\"><path d=\\"M16.59 8.59L12 13.17 7.41 8.59 6 10l6 6 6-6z\\"></path><path fill=\\"none\\" d=\\"M0 0h24v24H0z\\"></path></svg></span><span class=\\"MuiTouchRipple-root\\"></span></div></div><div class=\\"MuiCollapse-container MuiCollapse-hidden\\" style=\\"min-height: 0px;\\"><div class=\\"MuiCollapse-wrapper\\"><div class=\\"MuiCollapse-wrapperInner\\"><div role=\\"region\\"><div class=\\"MuiExpansionPanelDetails-root\\"><span class=\\"section-body-empty\\">Category empty. Add files via drag'n'drop or add icon</span></div></div></div></div></div></div><div class=\\"MuiPaper-root MuiPaper-elevation1 MuiExpansionPanel-root MuiExpansionPanel-rounded MuiPaper-rounded\\"><div class=\\"MuiButtonBase-root MuiExpansionPanelSummary-root\\" tabindex=\\"0\\" role=\\"button\\" aria-disabled=\\"false\\" aria-expanded=\\"false\\"><div class=\\"MuiExpansionPanelSummary-content\\"><img src=\\"undefined/icon/skeleton_root.svg\\" style=\\"width: 16px; height: 16px;\\" class=\\"icon-root\\" alt=\\"empty Icon\\" draggable=\\"false\\"><div class=\\"library-section-header-title\\">Skeletons</div><button class=\\"MuiButtonBase-root MuiIconButton-root\\" tabindex=\\"0\\" type=\\"button\\" aria-haspopup=\\"true\\" title=\\"Add new element\\"><span class=\\"MuiIconButton-label\\"><svg class=\\"MuiSvgIcon-root\\" focusable=\\"false\\" viewBox=\\"0 0 24 24\\" aria-hidden=\\"true\\" role=\\"presentation\\"><path d=\\"M19 13h-6v6h-2v-6H5v-2h6V5h2v6h6v2z\\"></path><path fill=\\"none\\" d=\\"M0 0h24v24H0z\\"></path></svg></span><span class=\\"MuiTouchRipple-root\\"></span></button><button class=\\"MuiButtonBase-root MuiIconButton-root\\" tabindex=\\"0\\" type=\\"button\\" aria-haspopup=\\"true\\" title=\\"Add new directory\\"><span class=\\"MuiIconButton-label\\"><svg class=\\"MuiSvgIcon-root\\" focusable=\\"false\\" viewBox=\\"0 0 24 24\\" aria-hidden=\\"true\\" role=\\"presentation\\"><path fill=\\"none\\" d=\\"M0 0h24v24H0V0z\\"></path><path d=\\"M20 6h-8l-2-2H4c-1.11 0-1.99.89-1.99 2L2 18c0 1.11.89 2 2 2h16c1.11 0 2-.89 2-2V8c0-1.11-.89-2-2-2zm-1 8h-3v3h-2v-3h-3v-2h3V9h2v3h3v2z\\"></path></svg></span><span class=\\"MuiTouchRipple-root\\"></span></button></div><div class=\\"MuiButtonBase-root MuiIconButton-root MuiExpansionPanelSummary-expandIcon MuiIconButton-edgeEnd\\" tabindex=\\"-1\\" role=\\"button\\" aria-disabled=\\"false\\" aria-hidden=\\"true\\"><span class=\\"MuiIconButton-label\\"><svg class=\\"MuiSvgIcon-root\\" focusable=\\"false\\" viewBox=\\"0 0 24 24\\" aria-hidden=\\"true\\" role=\\"presentation\\"><path d=\\"M16.59 8.59L12 13.17 7.41 8.59 6 10l6 6 6-6z\\"></path><path fill=\\"none\\" d=\\"M0 0h24v24H0z\\"></path></svg></span><span class=\\"MuiTouchRipple-root\\"></span></div></div><div class=\\"MuiCollapse-container MuiCollapse-hidden\\" style=\\"min-height: 0px;\\"><div class=\\"MuiCollapse-wrapper\\"><div class=\\"MuiCollapse-wrapperInner\\"><div role=\\"region\\"><div class=\\"MuiExpansionPanelDetails-root\\"><span class=\\"section-body-empty\\">Category empty. Add files via drag'n'drop or add icon</span></div></div></div></div></div></div><div class=\\"MuiPaper-root MuiPaper-elevation1 MuiExpansionPanel-root MuiExpansionPanel-rounded MuiPaper-rounded\\"><div class=\\"MuiButtonBase-root MuiExpansionPanelSummary-root\\" tabindex=\\"0\\" role=\\"button\\" aria-disabled=\\"false\\" aria-expanded=\\"false\\"><div class=\\"MuiExpansionPanelSummary-content\\"><img src=\\"undefined/icon/sound_root.svg\\" style=\\"width: 16px; height: 16px;\\" class=\\"icon-root\\" alt=\\"empty Icon\\" draggable=\\"false\\"><div class=\\"library-section-header-title\\">Sounds</div><button class=\\"MuiButtonBase-root MuiIconButton-root\\" tabindex=\\"0\\" type=\\"button\\" aria-haspopup=\\"true\\" title=\\"Add new element\\"><span class=\\"MuiIconButton-label\\"><svg class=\\"MuiSvgIcon-root\\" focusable=\\"false\\" viewBox=\\"0 0 24 24\\" aria-hidden=\\"true\\" role=\\"presentation\\"><path d=\\"M19 13h-6v6h-2v-6H5v-2h6V5h2v6h6v2z\\"></path><path fill=\\"none\\" d=\\"M0 0h24v24H0z\\"></path></svg></span><span class=\\"MuiTouchRipple-root\\"></span></button><button class=\\"MuiButtonBase-root MuiIconButton-root\\" tabindex=\\"0\\" type=\\"button\\" aria-haspopup=\\"true\\" title=\\"Add new directory\\"><span class=\\"MuiIconButton-label\\"><svg class=\\"MuiSvgIcon-root\\" focusable=\\"false\\" viewBox=\\"0 0 24 24\\" aria-hidden=\\"true\\" role=\\"presentation\\"><path fill=\\"none\\" d=\\"M0 0h24v24H0V0z\\"></path><path d=\\"M20 6h-8l-2-2H4c-1.11 0-1.99.89-1.99 2L2 18c0 1.11.89 2 2 2h16c1.11 0 2-.89 2-2V8c0-1.11-.89-2-2-2zm-1 8h-3v3h-2v-3h-3v-2h3V9h2v3h3v2z\\"></path></svg></span><span class=\\"MuiTouchRipple-root\\"></span></button></div><div class=\\"MuiButtonBase-root MuiIconButton-root MuiExpansionPanelSummary-expandIcon MuiIconButton-edgeEnd\\" tabindex=\\"-1\\" role=\\"button\\" aria-disabled=\\"false\\" aria-hidden=\\"true\\"><span class=\\"MuiIconButton-label\\"><svg class=\\"MuiSvgIcon-root\\" focusable=\\"false\\" viewBox=\\"0 0 24 24\\" aria-hidden=\\"true\\" role=\\"presentation\\"><path d=\\"M16.59 8.59L12 13.17 7.41 8.59 6 10l6 6 6-6z\\"></path><path fill=\\"none\\" d=\\"M0 0h24v24H0z\\"></path></svg></span><span class=\\"MuiTouchRipple-root\\"></span></div></div><div class=\\"MuiCollapse-container MuiCollapse-hidden\\" style=\\"min-height: 0px;\\"><div class=\\"MuiCollapse-wrapper\\"><div class=\\"MuiCollapse-wrapperInner\\"><div role=\\"region\\"><div class=\\"MuiExpansionPanelDetails-root\\"><span class=\\"section-body-empty\\">Category empty. Add files via drag'n'drop or add icon</span></div></div></div></div></div></div><div class=\\"MuiPaper-root MuiPaper-elevation1 MuiExpansionPanel-root MuiExpansionPanel-rounded MuiPaper-rounded\\"><div class=\\"MuiButtonBase-root MuiExpansionPanelSummary-root\\" tabindex=\\"0\\" role=\\"button\\" aria-disabled=\\"false\\" aria-expanded=\\"false\\"><div class=\\"MuiExpansionPanelSummary-content\\"><img src=\\"undefined/icon/texture_root.svg\\" style=\\"width: 16px; height: 16px;\\" class=\\"icon-root\\" alt=\\"empty Icon\\" draggable=\\"false\\"><div class=\\"library-section-header-title\\">Textures</div><button class=\\"MuiButtonBase-root MuiIconButton-root\\" tabindex=\\"0\\" type=\\"button\\" aria-haspopup=\\"true\\" title=\\"Add new element\\"><span class=\\"MuiIconButton-label\\"><svg class=\\"MuiSvgIcon-root\\" focusable=\\"false\\" viewBox=\\"0 0 24 24\\" aria-hidden=\\"true\\" role=\\"presentation\\"><path d=\\"M19 13h-6v6h-2v-6H5v-2h6V5h2v6h6v2z\\"></path><path fill=\\"none\\" d=\\"M0 0h24v24H0z\\"></path></svg></span><span class=\\"MuiTouchRipple-root\\"></span></button><button class=\\"MuiButtonBase-root MuiIconButton-root\\" tabindex=\\"0\\" type=\\"button\\" aria-haspopup=\\"true\\" title=\\"Add new directory\\"><span class=\\"MuiIconButton-label\\"><svg class=\\"MuiSvgIcon-root\\" focusable=\\"false\\" viewBox=\\"0 0 24 24\\" aria-hidden=\\"true\\" role=\\"presentation\\"><path fill=\\"none\\" d=\\"M0 0h24v24H0V0z\\"></path><path d=\\"M20 6h-8l-2-2H4c-1.11 0-1.99.89-1.99 2L2 18c0 1.11.89 2 2 2h16c1.11 0 2-.89 2-2V8c0-1.11-.89-2-2-2zm-1 8h-3v3h-2v-3h-3v-2h3V9h2v3h3v2z\\"></path></svg></span><span class=\\"MuiTouchRipple-root\\"></span></button></div><div class=\\"MuiButtonBase-root MuiIconButton-root MuiExpansionPanelSummary-expandIcon MuiIconButton-edgeEnd\\" tabindex=\\"-1\\" role=\\"button\\" aria-disabled=\\"false\\" aria-hidden=\\"true\\"><span class=\\"MuiIconButton-label\\"><svg class=\\"MuiSvgIcon-root\\" focusable=\\"false\\" viewBox=\\"0 0 24 24\\" aria-hidden=\\"true\\" role=\\"presentation\\"><path d=\\"M16.59 8.59L12 13.17 7.41 8.59 6 10l6 6 6-6z\\"></path><path fill=\\"none\\" d=\\"M0 0h24v24H0z\\"></path></svg></span><span class=\\"MuiTouchRipple-root\\"></span></div></div><div class=\\"MuiCollapse-container MuiCollapse-hidden\\" style=\\"min-height: 0px;\\"><div class=\\"MuiCollapse-wrapper\\"><div class=\\"MuiCollapse-wrapperInner\\"><div role=\\"region\\"><div class=\\"MuiExpansionPanelDetails-root\\"><span class=\\"section-body-empty\\">Category empty. Add files via drag'n'drop or add icon</span></div></div></div></div></div></div><div class=\\"MuiPaper-root MuiPaper-elevation1 MuiExpansionPanel-root MuiExpansionPanel-rounded MuiPaper-rounded\\"><div class=\\"MuiButtonBase-root MuiExpansionPanelSummary-root\\" tabindex=\\"0\\" role=\\"button\\" aria-disabled=\\"false\\" aria-expanded=\\"false\\"><div class=\\"MuiExpansionPanelSummary-content\\"><img src=\\"undefined/icon/tile_map_root.svg\\" style=\\"width: 16px; height: 16px;\\" class=\\"icon-root\\" alt=\\"empty Icon\\" draggable=\\"false\\"><div class=\\"library-section-header-title\\">Tile maps</div><button class=\\"MuiButtonBase-root MuiIconButton-root\\" tabindex=\\"0\\" type=\\"button\\" aria-haspopup=\\"true\\" title=\\"Add new element\\"><span class=\\"MuiIconButton-label\\"><svg class=\\"MuiSvgIcon-root\\" focusable=\\"false\\" viewBox=\\"0 0 24 24\\" aria-hidden=\\"true\\" role=\\"presentation\\"><path d=\\"M19 13h-6v6h-2v-6H5v-2h6V5h2v6h6v2z\\"></path><path fill=\\"none\\" d=\\"M0 0h24v24H0z\\"></path></svg></span><span class=\\"MuiTouchRipple-root\\"></span></button><button class=\\"MuiButtonBase-root MuiIconButton-root\\" tabindex=\\"0\\" type=\\"button\\" aria-haspopup=\\"true\\" title=\\"Add new directory\\"><span class=\\"MuiIconButton-label\\"><svg class=\\"MuiSvgIcon-root\\" focusable=\\"false\\" viewBox=\\"0 0 24 24\\" aria-hidden=\\"true\\" role=\\"presentation\\"><path fill=\\"none\\" d=\\"M0 0h24v24H0V0z\\"></path><path d=\\"M20 6h-8l-2-2H4c-1.11 0-1.99.89-1.99 2L2 18c0 1.11.89 2 2 2h16c1.11 0 2-.89 2-2V8c0-1.11-.89-2-2-2zm-1 8h-3v3h-2v-3h-3v-2h3V9h2v3h3v2z\\"></path></svg></span><span class=\\"MuiTouchRipple-root\\"></span></button></div><div class=\\"MuiButtonBase-root MuiIconButton-root MuiExpansionPanelSummary-expandIcon MuiIconButton-edgeEnd\\" tabindex=\\"-1\\" role=\\"button\\" aria-disabled=\\"false\\" aria-hidden=\\"true\\"><span class=\\"MuiIconButton-label\\"><svg class=\\"MuiSvgIcon-root\\" focusable=\\"false\\" viewBox=\\"0 0 24 24\\" aria-hidden=\\"true\\" role=\\"presentation\\"><path d=\\"M16.59 8.59L12 13.17 7.41 8.59 6 10l6 6 6-6z\\"></path><path fill=\\"none\\" d=\\"M0 0h24v24H0z\\"></path></svg></span><span class=\\"MuiTouchRipple-root\\"></span></div></div><div class=\\"MuiCollapse-container MuiCollapse-hidden\\" style=\\"min-height: 0px;\\"><div class=\\"MuiCollapse-wrapper\\"><div class=\\"MuiCollapse-wrapperInner\\"><div role=\\"region\\"><div class=\\"MuiExpansionPanelDetails-root\\"><span class=\\"section-body-empty\\">Category empty. Add files via drag'n'drop or add icon</span></div></div></div></div></div></div></div><div class=\\"drop-area-drag\\" style=\\"opacity: 0; visibility: hidden;\\">Drop the files here ...</div></div></div></div>"`;
