// Jest Snapshot v1, https://goo.gl/fbAQLP

exports[`ImagePreview test default snapshot 1`] = `"<div><span>Tooltip mock</span><div><div>Test</div></div></div>"`;

exports[`ImagePreview test snapshot with fixed height 1`] = `"<div><span>Tooltip mock</span><div><div>Test</div></div></div>"`;

exports[`ImagePreview test snapshot with fixed width 1`] = `"<div><span>Tooltip mock</span><div><div>Test</div></div></div>"`;
