// Jest Snapshot v1, https://goo.gl/fbAQLP

exports[`new-file-dialog index test Close snapshot 1`] = `""`;

exports[`new-file-dialog index test Open snapshot 1`] = `"<div role=\\"dialog\\" class=\\"MuiDialog-root\\" aria-labelledby=\\"new-file-title\\" style=\\"position: fixed; z-index: 1300; right: 0px; bottom: 0px; top: 0px; left: 0px;\\"><div class=\\"MuiBackdrop-root\\" aria-hidden=\\"true\\" style=\\"opacity: 1; webkit-transition: opacity 225ms cubic-bezier(0.4, 0, 0.2, 1) 0ms; transition: opacity 225ms cubic-bezier(0.4, 0, 0.2, 1) 0ms;\\"></div><div tabindex=\\"0\\" data-test=\\"sentinelStart\\"></div><div class=\\"MuiDialog-container MuiDialog-scrollPaper\\" role=\\"document\\" style=\\"opacity: 1; webkit-transition: opacity 225ms cubic-bezier(0.4, 0, 0.2, 1) 0ms; transition: opacity 225ms cubic-bezier(0.4, 0, 0.2, 1) 0ms;\\" tabindex=\\"-1\\"><div class=\\"MuiPaper-root MuiPaper-elevation24 MuiDialog-paper action-dialog-container MuiDialog-paperScrollPaper MuiDialog-paperWidthSm MuiPaper-rounded\\"><div class=\\"MuiDialogTitle-root\\" id=\\"new-file-title\\"><h6 class=\\"MuiTypography-root MuiTypography-h6\\">New </h6></div><div class=\\"MuiDialogContent-root\\"><p class=\\"MuiTypography-root MuiDialogContentText-root MuiTypography-body1 MuiTypography-colorTextSecondary\\">To create new , please enter name, and set additional parameters.</p><div class=\\"MuiFormControl-root MuiTextField-root MuiFormControl-fullWidth\\"><label class=\\"MuiFormLabel-root MuiInputLabel-root MuiInputLabel-formControl MuiInputLabel-animated\\" data-shrink=\\"false\\"> name</label><div class=\\"MuiInputBase-root MuiInput-root MuiInput-underline MuiInputBase-fullWidth MuiInput-fullWidth MuiInputBase-formControl MuiInput-formControl\\"><input aria-invalid=\\"false\\" autocomplete=\\"off\\" class=\\"MuiInputBase-input MuiInput-input\\" type=\\"text\\" maxlength=\\"20\\" value=\\"\\"></div></div></div><div class=\\"MuiDialogActions-root MuiDialogActions-spacing\\"><button class=\\"MuiButtonBase-root MuiButton-root action-dialog-button MuiButton-contained MuiButton-containedSecondary\\" tabindex=\\"0\\" type=\\"button\\" id=\\"new-file-reject\\"><span class=\\"MuiButton-label\\">Cancel</span><span class=\\"MuiTouchRipple-root\\"></span></button><button class=\\"MuiButtonBase-root MuiButton-root action-dialog-button MuiButton-contained MuiButton-containedPrimary\\" tabindex=\\"0\\" type=\\"button\\" id=\\"new-file-submit\\"><span class=\\"MuiButton-label\\">Submit</span><span class=\\"MuiTouchRipple-root\\"></span></button></div></div></div><div tabindex=\\"0\\" data-test=\\"sentinelEnd\\"></div></div>"`;

exports[`new-project-dialog index test Close snapshot 1`] = `""`;

exports[`new-project-dialog index test Open snapshot 1`] = `"<div role=\\"dialog\\" class=\\"MuiDialog-root\\" aria-labelledby=\\"new-project-title\\" style=\\"position: fixed; z-index: 1300; right: 0px; bottom: 0px; top: 0px; left: 0px;\\"><div class=\\"MuiBackdrop-root\\" aria-hidden=\\"true\\" style=\\"opacity: 1; webkit-transition: opacity 225ms cubic-bezier(0.4, 0, 0.2, 1) 0ms; transition: opacity 225ms cubic-bezier(0.4, 0, 0.2, 1) 0ms;\\"></div><div tabindex=\\"0\\" data-test=\\"sentinelStart\\"></div><div class=\\"MuiDialog-container MuiDialog-scrollPaper\\" role=\\"document\\" style=\\"opacity: 1; webkit-transition: opacity 225ms cubic-bezier(0.4, 0, 0.2, 1) 0ms; transition: opacity 225ms cubic-bezier(0.4, 0, 0.2, 1) 0ms;\\" tabindex=\\"-1\\"><div class=\\"MuiPaper-root MuiPaper-elevation24 MuiDialog-paper action-dialog-container MuiDialog-paperScrollPaper MuiDialog-paperWidthSm MuiPaper-rounded\\"><div class=\\"MuiDialogTitle-root\\" id=\\"new-project-title\\"><h6 class=\\"MuiTypography-root MuiTypography-h6\\">New </h6></div><div class=\\"MuiDialogContent-root\\"><p class=\\"MuiTypography-root MuiDialogContentText-root MuiTypography-body1 MuiTypography-colorTextSecondary\\">To create new , please enter name, and set additional parameters.</p><div class=\\"MuiFormControl-root MuiTextField-root MuiFormControl-fullWidth\\"><label class=\\"MuiFormLabel-root MuiInputLabel-root MuiInputLabel-formControl MuiInputLabel-animated\\" data-shrink=\\"false\\"> name</label><div class=\\"MuiInputBase-root MuiInput-root MuiInput-underline MuiInputBase-fullWidth MuiInput-fullWidth MuiInputBase-formControl MuiInput-formControl\\"><input aria-invalid=\\"false\\" autocomplete=\\"off\\" class=\\"MuiInputBase-input MuiInput-input\\" type=\\"text\\" maxlength=\\"20\\" value=\\"\\"></div></div></div><div class=\\"MuiDialogActions-root MuiDialogActions-spacing\\"><button class=\\"MuiButtonBase-root MuiButton-root action-dialog-button MuiButton-contained MuiButton-containedSecondary\\" tabindex=\\"0\\" type=\\"button\\" id=\\"new-project-reject\\"><span class=\\"MuiButton-label\\">Cancel</span><span class=\\"MuiTouchRipple-root\\"></span></button><button class=\\"MuiButtonBase-root MuiButton-root action-dialog-button MuiButton-contained MuiButton-containedPrimary\\" tabindex=\\"0\\" type=\\"button\\" id=\\"new-project-submit\\"><span class=\\"MuiButton-label\\">Submit</span><span class=\\"MuiTouchRipple-root\\"></span></button></div></div></div><div tabindex=\\"0\\" data-test=\\"sentinelEnd\\"></div></div>"`;
