// Jest Snapshot v1, https://goo.gl/fbAQLP

exports[`export-project-dialog index test Close snapshot 1`] = `""`;

exports[`export-project-dialog index test Open snapshot 1`] = `"<div role=\\"presentation\\" class=\\"MuiDialog-root\\" style=\\"position: fixed; z-index: 1300; right: 0px; bottom: 0px; top: 0px; left: 0px;\\"><div class=\\"MuiBackdrop-root\\" aria-hidden=\\"true\\" style=\\"opacity: 1; webkit-transition: opacity 225ms cubic-bezier(0.4, 0, 0.2, 1) 0ms; transition: opacity 225ms cubic-bezier(0.4, 0, 0.2, 1) 0ms;\\"></div><div tabindex=\\"0\\" data-test=\\"sentinelStart\\"></div><div class=\\"MuiDialog-container MuiDialog-scrollPaper\\" style=\\"opacity: 1; webkit-transition: opacity 225ms cubic-bezier(0.4, 0, 0.2, 1) 0ms; transition: opacity 225ms cubic-bezier(0.4, 0, 0.2, 1) 0ms;\\" role=\\"none presentation\\" tabindex=\\"-1\\"><div class=\\"MuiPaper-root MuiDialog-paper action-dialog-container MuiDialog-paperScrollPaper MuiDialog-paperWidthSm MuiPaper-elevation24 MuiPaper-rounded\\" role=\\"dialog\\" aria-labelledby=\\"export-project-title\\"><div class=\\"MuiDialogTitle-root\\" id=\\"export-project-title\\"><h2 class=\\"MuiTypography-root MuiTypography-h6\\">Export project</h2></div><div class=\\"MuiDialogContent-root\\"><p class=\\"MuiTypography-root MuiDialogContentText-root MuiTypography-body1 MuiTypography-colorTextSecondary\\">Wait until generate zip.</p><p class=\\"MuiTypography-root MuiDialogContentText-root MuiTypography-body1 MuiTypography-colorTextSecondary\\">Wait wheal project export start</p><div class=\\"MuiLinearProgress-root MuiLinearProgress-colorPrimary MuiLinearProgress-determinate\\" role=\\"progressbar\\" aria-valuenow=\\"0\\"><div class=\\"MuiLinearProgress-bar MuiLinearProgress-barColorPrimary MuiLinearProgress-bar1Determinate\\" style=\\"transform: translateX(-100%);\\"></div></div></div><div class=\\"MuiDialogActions-root MuiDialogActions-spacing\\"><button><span class=\\"MuiButton-label\\">Cancel</span></button><button><span class=\\"MuiButton-label\\">Save</span></button></div></div></div><div tabindex=\\"0\\" data-test=\\"sentinelEnd\\"></div></div>"`;

exports[`export-project-dialog index test Test progress 0 1`] = `"<div role=\\"presentation\\" class=\\"MuiDialog-root\\" style=\\"position: fixed; z-index: 1300; right: 0px; bottom: 0px; top: 0px; left: 0px;\\"><div class=\\"MuiBackdrop-root\\" aria-hidden=\\"true\\" style=\\"opacity: 1; webkit-transition: opacity 225ms cubic-bezier(0.4, 0, 0.2, 1) 0ms; transition: opacity 225ms cubic-bezier(0.4, 0, 0.2, 1) 0ms;\\"></div><div tabindex=\\"0\\" data-test=\\"sentinelStart\\"></div><div class=\\"MuiDialog-container MuiDialog-scrollPaper\\" style=\\"opacity: 1; webkit-transition: opacity 225ms cubic-bezier(0.4, 0, 0.2, 1) 0ms; transition: opacity 225ms cubic-bezier(0.4, 0, 0.2, 1) 0ms;\\" role=\\"none presentation\\" tabindex=\\"-1\\"><div class=\\"MuiPaper-root MuiDialog-paper action-dialog-container MuiDialog-paperScrollPaper MuiDialog-paperWidthSm MuiPaper-elevation24 MuiPaper-rounded\\" role=\\"dialog\\" aria-labelledby=\\"export-project-title\\"><div class=\\"MuiDialogTitle-root\\" id=\\"export-project-title\\"><h2 class=\\"MuiTypography-root MuiTypography-h6\\">Export project</h2></div><div class=\\"MuiDialogContent-root\\"><p class=\\"MuiTypography-root MuiDialogContentText-root MuiTypography-body1 MuiTypography-colorTextSecondary\\">Wait until generate zip.</p><p class=\\"MuiTypography-root MuiDialogContentText-root MuiTypography-body1 MuiTypography-colorTextSecondary\\">Add file null to archive</p><div class=\\"MuiLinearProgress-root MuiLinearProgress-colorPrimary MuiLinearProgress-determinate\\" role=\\"progressbar\\" aria-valuenow=\\"0\\"><div class=\\"MuiLinearProgress-bar MuiLinearProgress-barColorPrimary MuiLinearProgress-bar1Determinate\\" style=\\"transform: translateX(-100%);\\"></div></div></div><div class=\\"MuiDialogActions-root MuiDialogActions-spacing\\"><button><span class=\\"MuiButton-label\\">Cancel</span></button><button><span class=\\"MuiButton-label\\">Save</span></button></div></div></div><div tabindex=\\"0\\" data-test=\\"sentinelEnd\\"></div></div>"`;

exports[`export-project-dialog index test Test progress 20 1`] = `"<div role=\\"presentation\\" class=\\"MuiDialog-root\\" style=\\"position: fixed; z-index: 1300; right: 0px; bottom: 0px; top: 0px; left: 0px;\\"><div class=\\"MuiBackdrop-root\\" aria-hidden=\\"true\\" style=\\"opacity: 1; webkit-transition: opacity 225ms cubic-bezier(0.4, 0, 0.2, 1) 0ms; transition: opacity 225ms cubic-bezier(0.4, 0, 0.2, 1) 0ms;\\"></div><div tabindex=\\"0\\" data-test=\\"sentinelStart\\"></div><div class=\\"MuiDialog-container MuiDialog-scrollPaper\\" style=\\"opacity: 1; webkit-transition: opacity 225ms cubic-bezier(0.4, 0, 0.2, 1) 0ms; transition: opacity 225ms cubic-bezier(0.4, 0, 0.2, 1) 0ms;\\" role=\\"none presentation\\" tabindex=\\"-1\\"><div class=\\"MuiPaper-root MuiDialog-paper action-dialog-container MuiDialog-paperScrollPaper MuiDialog-paperWidthSm MuiPaper-elevation24 MuiPaper-rounded\\" role=\\"dialog\\" aria-labelledby=\\"export-project-title\\"><div class=\\"MuiDialogTitle-root\\" id=\\"export-project-title\\"><h2 class=\\"MuiTypography-root MuiTypography-h6\\">Export project</h2></div><div class=\\"MuiDialogContent-root\\"><p class=\\"MuiTypography-root MuiDialogContentText-root MuiTypography-body1 MuiTypography-colorTextSecondary\\">Wait until generate zip.</p><p class=\\"MuiTypography-root MuiDialogContentText-root MuiTypography-body1 MuiTypography-colorTextSecondary\\">Add file test.json to archive</p><div class=\\"MuiLinearProgress-root MuiLinearProgress-colorPrimary MuiLinearProgress-determinate\\" role=\\"progressbar\\" aria-valuenow=\\"20\\"><div class=\\"MuiLinearProgress-bar MuiLinearProgress-barColorPrimary MuiLinearProgress-bar1Determinate\\" style=\\"transform: translateX(-80%);\\"></div></div></div><div class=\\"MuiDialogActions-root MuiDialogActions-spacing\\"><button><span class=\\"MuiButton-label\\">Cancel</span></button><button><span class=\\"MuiButton-label\\">Save</span></button></div></div></div><div tabindex=\\"0\\" data-test=\\"sentinelEnd\\"></div></div>"`;

exports[`export-project-dialog index test Test progress 100 completed 1`] = `"<div role=\\"presentation\\" class=\\"MuiDialog-root\\" style=\\"position: fixed; z-index: 1300; right: 0px; bottom: 0px; top: 0px; left: 0px;\\"><div class=\\"MuiBackdrop-root\\" aria-hidden=\\"true\\" style=\\"opacity: 1; webkit-transition: opacity 225ms cubic-bezier(0.4, 0, 0.2, 1) 0ms; transition: opacity 225ms cubic-bezier(0.4, 0, 0.2, 1) 0ms;\\"></div><div tabindex=\\"0\\" data-test=\\"sentinelStart\\"></div><div class=\\"MuiDialog-container MuiDialog-scrollPaper\\" style=\\"opacity: 1; webkit-transition: opacity 225ms cubic-bezier(0.4, 0, 0.2, 1) 0ms; transition: opacity 225ms cubic-bezier(0.4, 0, 0.2, 1) 0ms;\\" role=\\"none presentation\\" tabindex=\\"-1\\"><div class=\\"MuiPaper-root MuiDialog-paper action-dialog-container MuiDialog-paperScrollPaper MuiDialog-paperWidthSm MuiPaper-elevation24 MuiPaper-rounded\\" role=\\"dialog\\" aria-labelledby=\\"export-project-title\\"><div class=\\"MuiDialogTitle-root\\" id=\\"export-project-title\\"><h2 class=\\"MuiTypography-root MuiTypography-h6\\">Export project</h2></div><div class=\\"MuiDialogContent-root\\"><p class=\\"MuiTypography-root MuiDialogContentText-root MuiTypography-body1 MuiTypography-colorTextSecondary\\">Wait until generate zip.</p><p class=\\"MuiTypography-root MuiDialogContentText-root MuiTypography-body1 MuiTypography-colorTextSecondary\\">Click save for continue</p><div class=\\"MuiLinearProgress-root MuiLinearProgress-colorPrimary MuiLinearProgress-determinate\\" role=\\"progressbar\\" aria-valuenow=\\"100\\"><div class=\\"MuiLinearProgress-bar MuiLinearProgress-barColorPrimary MuiLinearProgress-bar1Determinate\\" style=\\"transform: translateX(0%);\\"></div></div></div><div class=\\"MuiDialogActions-root MuiDialogActions-spacing\\"><button><span class=\\"MuiButton-label\\">Cancel</span></button><button><span class=\\"MuiButton-label\\">Save</span></button></div></div></div><div tabindex=\\"0\\" data-test=\\"sentinelEnd\\"></div></div>"`;

exports[`export-project-dialog index test Test progress 100 not completed 1`] = `"<div role=\\"presentation\\" class=\\"MuiDialog-root\\" style=\\"position: fixed; z-index: 1300; right: 0px; bottom: 0px; top: 0px; left: 0px;\\"><div class=\\"MuiBackdrop-root\\" aria-hidden=\\"true\\" style=\\"opacity: 1; webkit-transition: opacity 225ms cubic-bezier(0.4, 0, 0.2, 1) 0ms; transition: opacity 225ms cubic-bezier(0.4, 0, 0.2, 1) 0ms;\\"></div><div tabindex=\\"0\\" data-test=\\"sentinelStart\\"></div><div class=\\"MuiDialog-container MuiDialog-scrollPaper\\" style=\\"opacity: 1; webkit-transition: opacity 225ms cubic-bezier(0.4, 0, 0.2, 1) 0ms; transition: opacity 225ms cubic-bezier(0.4, 0, 0.2, 1) 0ms;\\" role=\\"none presentation\\" tabindex=\\"-1\\"><div class=\\"MuiPaper-root MuiDialog-paper action-dialog-container MuiDialog-paperScrollPaper MuiDialog-paperWidthSm MuiPaper-elevation24 MuiPaper-rounded\\" role=\\"dialog\\" aria-labelledby=\\"export-project-title\\"><div class=\\"MuiDialogTitle-root\\" id=\\"export-project-title\\"><h2 class=\\"MuiTypography-root MuiTypography-h6\\">Export project</h2></div><div class=\\"MuiDialogContent-root\\"><p class=\\"MuiTypography-root MuiDialogContentText-root MuiTypography-body1 MuiTypography-colorTextSecondary\\">Wait until generate zip.</p><p class=\\"MuiTypography-root MuiDialogContentText-root MuiTypography-body1 MuiTypography-colorTextSecondary\\">Wait wheal archive generate</p><div class=\\"MuiLinearProgress-root MuiLinearProgress-colorPrimary MuiLinearProgress-determinate\\" role=\\"progressbar\\" aria-valuenow=\\"99\\"><div class=\\"MuiLinearProgress-bar MuiLinearProgress-barColorPrimary MuiLinearProgress-bar1Determinate\\" style=\\"transform: translateX(-1%);\\"></div></div></div><div class=\\"MuiDialogActions-root MuiDialogActions-spacing\\"><button><span class=\\"MuiButton-label\\">Cancel</span></button><button><span class=\\"MuiButton-label\\">Save</span></button></div></div></div><div tabindex=\\"0\\" data-test=\\"sentinelEnd\\"></div></div>"`;
