// Jest Snapshot v1, https://goo.gl/fbAQLP

exports[`working-area test working-area default snapshot 1`] = `"<div class=\\"working-area-root\\"><div class=\\"working-area-header\\"><div class=\\"MuiTabs-root makeStyles-root-2\\"><div class=\\"MuiTabs-scroller MuiTabs-fixed\\" style=\\"overflow:hidden\\"><div class=\\"MuiTabs-flexContainer\\" role=\\"tablist\\"><button class=\\"MuiButtonBase-root MuiTab-root makeStyles-root-1 MuiTab-textColorInherit Mui-selected\\" tabindex=\\"0\\" type=\\"button\\" role=\\"tab\\" aria-selected=\\"true\\"><span class=\\"MuiTab-wrapper\\"><div class=\\"tab-content-root\\"><img src=\\"undefined/static/icon/directory.svg\\" style=\\"width:10px;height:10px\\" class=\\"icon-root\\" alt=\\"empty Icon\\" draggable=\\"false\\"/><span class=\\"tab-content-title\\">Default</span></div></span><span class=\\"PrivateTabIndicator-root-25 PrivateTabIndicator-colorSecondary-27 MuiTabs-indicator\\"></span></button></div></div></div></div><div class=\\"working-area-body\\"><div class=\\"working-area-interactions\\"><canvas id=\\"WorkingCanvas\\" class=\\"working-canvas-root working-canvas-hidden\\"></canvas></div><div class=\\"working-area-empty-container\\"><div class=\\"working-area-empty-message\\">For open some item from library make double click on it.</div></div></div></div>"`;

exports[`working-area test working-area snapshot with tabs 1`] = `"<div class=\\"working-area-root\\"><div class=\\"working-area-header\\"><div class=\\"MuiTabs-root makeStyles-root-2\\"><div class=\\"MuiTabs-scroller MuiTabs-fixed\\" style=\\"overflow:hidden\\"><div class=\\"MuiTabs-flexContainer\\" role=\\"tablist\\"><button class=\\"MuiButtonBase-root MuiTab-root makeStyles-root-1 MuiTab-textColorInherit Mui-selected\\" tabindex=\\"0\\" type=\\"button\\" role=\\"tab\\" aria-selected=\\"true\\"><span class=\\"MuiTab-wrapper\\"><div class=\\"tab-content-root\\"><img src=\\"undefined/static/icon/element_element.svg\\" style=\\"width:10px;height:10px\\" class=\\"icon-root\\" alt=\\"empty Icon\\" draggable=\\"false\\"/><span class=\\"tab-content-title\\">tab_1</span><svg class=\\"MuiSvgIcon-root\\" focusable=\\"false\\" viewBox=\\"0 0 24 24\\" aria-hidden=\\"true\\" role=\\"presentation\\"><path d=\\"M19 6.41L17.59 5 12 10.59 6.41 5 5 6.41 10.59 12 5 17.59 6.41 19 12 13.41 17.59 19 19 17.59 13.41 12z\\"></path><path fill=\\"none\\" d=\\"M0 0h24v24H0z\\"></path></svg></div></span><span class=\\"PrivateTabIndicator-root-25 PrivateTabIndicator-colorSecondary-27 MuiTabs-indicator\\"></span></button><button class=\\"MuiButtonBase-root MuiTab-root makeStyles-root-1 MuiTab-textColorInherit\\" tabindex=\\"0\\" type=\\"button\\" role=\\"tab\\" aria-selected=\\"false\\"><span class=\\"MuiTab-wrapper\\"><div class=\\"tab-content-root\\"><img src=\\"undefined/static/icon/font_element.svg\\" style=\\"width:10px;height:10px\\" class=\\"icon-root\\" alt=\\"empty Icon\\" draggable=\\"false\\"/><span class=\\"tab-content-title\\">tab_2</span><svg class=\\"MuiSvgIcon-root\\" focusable=\\"false\\" viewBox=\\"0 0 24 24\\" aria-hidden=\\"true\\" role=\\"presentation\\"><path d=\\"M19 6.41L17.59 5 12 10.59 6.41 5 5 6.41 10.59 12 5 17.59 6.41 19 12 13.41 17.59 19 19 17.59 13.41 12z\\"></path><path fill=\\"none\\" d=\\"M0 0h24v24H0z\\"></path></svg></div></span></button></div></div></div></div><div class=\\"working-area-body\\"><div class=\\"working-area-interactions\\"><canvas id=\\"WorkingCanvas\\" class=\\"working-canvas-root\\"></canvas></div><div class=\\"working-area-control-panel\\"><button class=\\"MuiButtonBase-root MuiIconButton-root\\" tabindex=\\"0\\" type=\\"button\\" aria-haspopup=\\"false\\"><span class=\\"MuiIconButton-label\\"><svg class=\\"MuiSvgIcon-root\\" focusable=\\"false\\" viewBox=\\"0 0 24 24\\" aria-hidden=\\"true\\" role=\\"presentation\\"><path d=\\"M19 8l-4 4h3c0 3.31-2.69 6-6 6-1.01 0-1.97-.25-2.8-.7l-1.46 1.46C8.97 19.54 10.43 20 12 20c4.42 0 8-3.58 8-8h3l-4-4zM6 12c0-3.31 2.69-6 6-6 1.01 0 1.97.25 2.8.7l1.46-1.46C15.03 4.46 13.57 4 12 4c-4.42 0-8 3.58-8 8H1l4 4 4-4H6z\\"></path><path fill=\\"none\\" d=\\"M0 0h24v24H0z\\"></path></svg></span></button><span class=\\"MuiSlider-root MuiSlider-colorPrimary MuiSlider-marked\\"><span class=\\"MuiSlider-rail\\"></span><span class=\\"MuiSlider-track\\" style=\\"left:0%;width:20%\\"></span><input type=\\"hidden\\" value=\\"1\\"/><span style=\\"left:0%\\" class=\\"MuiSlider-mark MuiSlider-markActive\\"></span><span aria-hidden=\\"true\\" style=\\"left:0%\\" class=\\"MuiSlider-markLabel MuiSlider-markLabelActive\\">25%</span><span style=\\"left:20%\\" class=\\"MuiSlider-mark MuiSlider-markActive\\"></span><span aria-hidden=\\"true\\" style=\\"left:20%\\" class=\\"MuiSlider-markLabel MuiSlider-markLabelActive\\">100%</span><span style=\\"left:46.666666666666664%\\" class=\\"MuiSlider-mark\\"></span><span aria-hidden=\\"true\\" style=\\"left:46.666666666666664%\\" class=\\"MuiSlider-markLabel\\">200%</span><span style=\\"left:73.33333333333333%\\" class=\\"MuiSlider-mark\\"></span><span aria-hidden=\\"true\\" style=\\"left:73.33333333333333%\\" class=\\"MuiSlider-markLabel\\">300%</span><span style=\\"left:100%\\" class=\\"MuiSlider-mark\\"></span><span aria-hidden=\\"true\\" style=\\"left:100%\\" class=\\"MuiSlider-markLabel\\">400%</span><span class=\\"MuiSlider-thumb MuiSlider-thumbColorPrimary PrivateValueLabel-thumb-67\\" tabindex=\\"0\\" role=\\"slider\\" style=\\"left:20%\\" data-index=\\"0\\" aria-labelledby=\\"discrete-slider\\" aria-orientation=\\"horizontal\\" aria-valuemax=\\"4\\" aria-valuemin=\\"0.25\\" aria-valuenow=\\"1\\" aria-valuetext=\\"100%\\"><span class=\\"PrivateValueLabel-offset-69 MuiSlider-valueLabel\\"><span class=\\"PrivateValueLabel-circle-70\\"><span class=\\"PrivateValueLabel-label-71\\">100%</span></span></span></span></span><div class=\\"working-area-control-panel-mode\\">Size</div></div></div></div>"`;
