// Jest Snapshot v1, https://goo.gl/fbAQLP

exports[`NameInput test Default snapshot 1`] = `"<div class=\\"MuiFormControl-root MuiTextField-root MuiFormControl-fullWidth\\"><label class=\\"MuiFormLabel-root MuiInputLabel-root MuiInputLabel-formControl MuiInputLabel-animated\\" data-shrink=\\"false\\">test locale</label><div class=\\"MuiInputBase-root MuiInput-root MuiInput-underline MuiInputBase-fullWidth MuiInput-fullWidth MuiInputBase-formControl MuiInput-formControl\\"><input aria-invalid=\\"false\\" autocomplete=\\"off\\" type=\\"text\\" maxlength=\\"20\\" class=\\"MuiInputBase-input MuiInput-input\\" value=\\"\\"></div></div>"`;

exports[`NameInput test Error snapshot 1`] = `"<div class=\\"MuiFormControl-root MuiTextField-root MuiFormControl-fullWidth\\"><label class=\\"MuiFormLabel-root MuiInputLabel-root MuiInputLabel-formControl MuiInputLabel-animated Mui-error Mui-error\\" data-shrink=\\"false\\">test error</label><div class=\\"MuiInputBase-root MuiInput-root MuiInput-underline Mui-error Mui-error MuiInputBase-fullWidth MuiInput-fullWidth MuiInputBase-formControl MuiInput-formControl\\"><input aria-invalid=\\"true\\" autocomplete=\\"off\\" type=\\"text\\" maxlength=\\"20\\" class=\\"MuiInputBase-input MuiInput-input\\" value=\\"\\"></div></div>"`;
