// Jest Snapshot v1, https://goo.gl/fbAQLP

exports[`tab-content test tab-content snapshot 1`] = `"<div class=\\"tab-content-root\\"><img src=\\"undefined/static/icon/test.svg\\" style=\\"width: 10px; height: 10px;\\" class=\\"icon-root\\" alt=\\"empty Icon\\" draggable=\\"false\\"><span class=\\"tab-content-title\\">test</span><svg class=\\"MuiSvgIcon-root\\" focusable=\\"false\\" viewBox=\\"0 0 24 24\\" aria-hidden=\\"true\\" role=\\"presentation\\"><path d=\\"M19 6.41L17.59 5 12 10.59 6.41 5 5 6.41 10.59 12 5 17.59 6.41 19 12 13.41 17.59 19 19 17.59 13.41 12z\\"></path><path fill=\\"none\\" d=\\"M0 0h24v24H0z\\"></path></svg></div>"`;
