// Jest Snapshot v1, https://goo.gl/fbAQLP

exports[`SectionHeader test default snapshot 1`] = `"<div class=\\"library-section-header-title\\">test</div>"`;
